Loading weights:   0%|          | 0/105 [00:00<?, ?it/s]Loading weights: 100%|██████████| 105/105 [00:00<00:00, 14987.30it/s]
[train] example ep-attr-en-c0000-00 (attribute_comparison/en) gold=c2: 'The answer to this question is: southern route, 48 euros.'
[train] example ep-attr-en-c0000-01 (attribute_comparison/en) gold=c1: 'The answer to this question is: flight A, 18 euros.'
[train] example ep-attr-en-c0001-02 (attribute_comparison/en) gold=c1: 'The answer to this question is: northern route, 17 euros.'
[train] example ep-attr-en-c0001-03 (attribute_comparison/en) gold=c1: 'The answer to this question is: flight A, 17 euros.'
[train] example ep-attr-en-c0002-05 (attribute_comparison/en) gold=c1: 'The answer to this question is: flight A, 48 euros.'
[train] step 10 consumed 80 loss 0.5982 (3s)
[train] step 20 consumed 160 loss 0.5873 (6s)
[train] step 30 consumed 240 loss 0.5284 (9s)
[train] eval@256 (scheduled): forced 266/400=0.6650 ci[0.61737, 0.709491] | abst@0.5 0.5200 cov 0.665 | macro 0.6650 | joint 63/140=0.4500 ci[0.370024, 0.532647] | holdout 0.8081
[train] step 40 consumed 320 loss 0.3196 (15s)
[train] step 50 consumed 400 loss 0.3711 (17s)
[train] step 60 consumed 480 loss 0.3480 (20s)
[train] eval@504 (scheduled): forced 265/400=0.6625 ci[0.61481, 0.707098] | abst@0.5 0.5425 cov 0.685 | macro 0.6625 | joint 59/140=0.4214 ci[0.342805, 0.504249] | holdout 0.8108
[train] step 70 consumed 560 loss 0.2996 (25s)
[train] step 80 consumed 640 loss 0.3381 (27s)
[train] step 90 consumed 720 loss 0.3139 (30s)
[train] eval@752 (scheduled): forced 263/400=0.6575 ci[0.609695, 0.702309] | abst@0.5 0.5325 cov 0.69 | macro 0.6575 | joint 61/140=0.4357 ci[0.356381, 0.518481] | holdout 0.8135
[train] step 100 consumed 800 loss 0.3061 (35s)
[train] step 110 consumed 880 loss 0.3595 (37s)
[train] step 120 consumed 960 loss 0.3620 (40s)
[train] eval@1000 (final): forced 264/400=0.6600 ci[0.612252, 0.704704] | abst@0.5 0.5475 cov 0.725 | macro 0.6600 | joint 62/140=0.4429 ci[0.363194, 0.525572] | holdout 0.8297
Writing model shards:   0%|          | 0/1 [00:00<?, ?it/s]Writing model shards: 100%|██████████| 1/1 [00:00<00:00,  3.39it/s]Writing model shards: 100%|██████████| 1/1 [00:00<00:00,  3.39it/s]
[train] done: 125 steps, 1000 decisions, 31.5s train + 11.8s eval; wrote artifacts/checkpoints/ce/smoke-1k-verified/train_manifest.json
[gate] forced 0.6225 -> 0.66 delta 0.0375 ci[-0.005, 0.08]
[gate] joint  0.342857 -> 0.442857 delta 0.1 ci[0.028571, 0.171429]
[gate] drops ['family:attribute_comparison', 'family:extraction_paraphrase', 'family:priority_decision']
[gate] NO-GO: no improvement with a CI95 clear of 0 (forced [-0.005, 0.08], joint [0.028571, 0.171429])
[gate] wrote artifacts/gates/T-ce-finetune/smoke-verified.json
